// Jest Snapshot v1, https://goo.gl/fbAQLP

exports[`NavBar route component renders the UI as expected 1`] = `
<nav
  className="NavBar"
>
  <ul>
    <a
      href="/"
      onClick={[Function]}
    >
      <h1>
        <img
          alt="logo"
          id="logo"
          src="logo-everest-eie.png"
        />
        Everest
      </h1>
    </a>
  </ul>
  <ul
    className="nav-links"
  >
    <li
      className="bar"
      id="bar1"
    >
      <a
        href="/about-us"
        onClick={[Function]}
      >
        About Us
      </a>
    </li>
    <li
      className="bar"
      id="bar2"
    >
      <a
        href="/jobs"
        onClick={[Function]}
      >
        View Jobs
      </a>
    </li>
    <li
      className="bar"
      id="bar3"
    >
      <a
        href="/login"
        onClick={[Function]}
      >
        Login
      </a>
    </li>
    <li
      className="bar"
      id="bar4"
    >
      <a
        className="highlighted-btn"
        href="/register"
        onClick={[Function]}
      >
        Register
      </a>
    </li>
  </ul>
</nav>
`;
