// Jest Snapshot v1, https://goo.gl/fbAQLP

exports[`NavBar route component renders the UI as expected 1`] = `
<nav
  className="NavBar"
>
  <ul>
    <li>
      <a
        href="/"
        onClick={[Function]}
      >
        <h1>
          <img
            alt="logo"
            id="logo"
            src="logo-everest-eie.png"
          />
        </h1>
      </a>
    </li>
  </ul>
  <ul
    className="nav-links"
  >
    <li
      className="bar"
      id="bar2"
    >
      <a
        href="/jobs"
        onClick={[Function]}
      >
        Jobs
      </a>
    </li>
    <li
      className="bar"
      id="bar3"
    >
      <a
        href="/login"
        onClick={[Function]}
      >
        Login
      </a>
    </li>
    <li
      className="bar"
      id="bar4"
    >
      <a
        className="highlighted-btn"
        href="/register"
        onClick={[Function]}
      >
        Register
      </a>
    </li>
  </ul>
</nav>
`;
