// Jest Snapshot v1, https://goo.gl/fbAQLP

exports[`LoginForm route component renders the UI as expected 1`] = `
<form
  className="LoginForm"
  onSubmit={[Function]}
>
  <div
    role="alert"
  />
  <div
    className="username"
  >
    <label
      htmlFor="username"
    >
      Username
    </label>
    <input
      autoComplete="new-password"
      id="username"
      name="username"
      required={true}
      type="username"
    />
  </div>
  <div
    className="password"
  >
    <label
      htmlFor="password"
    >
      Password
    </label>
    <input
      autoComplete="new-password"
      id="password"
      name="password"
      required={true}
      type="password"
    />
  </div>
  <button
    type="submit"
  >
    Login
  </button>
  <fieldset
    id="admin-login"
  >
    <input
      id="admin-input"
      name="account-type"
      onClick={[Function]}
      type="checkbox"
      value="admin"
    />
    <label
      htmlFor="admin-input"
      id="admin-label"
    >
      Check this only if you are an administrator.
    </label>
  </fieldset>
</form>
`;
